package main

import (
	internal "github.com/thecodedproject/generatorgen/examples/init_generator/internal"
	log "log"
)

func main() {

	err := internal.Generate()
	if err != nil {
		log.Fatal(err.Error())
	}
}

